// Jest Snapshot v1, https://goo.gl/fbAQLP

exports[`renders correctly 1`] = `
<section
  className="splash bg-splash bg-cover h-full overflow-hidden"
>
  <h1
    className="hero-font-size text-center text-white font-bold pointer-events-none"
  >
    VenueMC
  </h1>
  <h2
    className="sub-hero-font-size italic text-white text-center whitespace-normal"
  >
    A comprehensive dashboard for venue management professionals.
  </h2>
</section>
`;
